[outsourcing.britenet.eu/index.html]
[outsourcing.britenet.eu/wp-content/uploads/2023/09/LOGO_BRITENET_CLAIM_WHITE.svg]
[backblue.gif]
[fade.gif]
[index.html]
[consent.cookiebot.com/uc.js]
[outsourcing.britenet.eu/wp-includes/css/dist/block-library/style.minaec2.css]
[outsourcing.britenet.eu/feed/index.html]
[outsourcing.britenet.eu/wp-content/plugins/redux-framework/redux-core/assets/css/extendify-utilitiescb95.css]
[outsourcing.britenet.eu/wp-content/plugins/contact-form-7/includes/css/styles080f.css]
[outsourcing.britenet.eu/comments/feed/index.html]
[outsourcing.britenet.eu/software-development-and-cloud-services/feed/index.html]
[outsourcing.britenet.eu/wp-content/themes/tanda/tanda/css/bootstrap.minaec2.css]
[outsourcing.britenet.eu/wp-content/themes/tanda/tanda/css/font-awesome.minaec2.css]
[outsourcing.britenet.eu/wp-content/themes/tanda/tanda/css/themify-iconsaec2.css]
[outsourcing.britenet.eu/wp-content/themes/tanda/tanda/css/flaticon-setaec2.css]
[outsourcing.britenet.eu/wp-content/themes/tanda/tanda/css/magnific-popupaec2.css]
[outsourcing.britenet.eu/wp-content/themes/tanda/tanda/css/owl.carousel.minaec2.css]
[outsourcing.britenet.eu/wp-content/themes/tanda/tanda/css/owl.theme.default.minaec2.css]
[outsourcing.britenet.eu/wp-content/themes/tanda/tanda/css/animateaec2.css]
[outsourcing.britenet.eu/wp-content/themes/tanda/tanda/css/bootsnavaec2.css]
[outsourcing.britenet.eu/wp-content/themes/tanda/tanda/css/style18cf.css]
[outsourcing.britenet.eu/wp-content/themes/tanda/tanda/css/responsive18cf.css]
[outsourcing.britenet.eu/wp-content/themes/tanda/tanda/css/woo-commerceaec2.css]
[outsourcing.britenet.eu/wp-content/themes/tanda/tanda/css/theme-color/color-britenetaec2.css]
[outsourcing.britenet.eu/wp-content/plugins/js_composer/assets/css/js_composer.mine1b2.css]
[outsourcing.britenet.eu/wp-includes/js/jquery/jquery.minf43b.js]
[outsourcing.britenet.eu/wp-includes/js/jquery/jquery-migrate.min5589.js]
[outsourcing.britenet.eu/wp-json/index.html]
[outsourcing.britenet.eu/wp-json/wp/v2/pages/2.json]
[outsourcing.britenet.eu/xmlrpc0db0.php]
[outsourcing.britenet.eu/wp-json/oembed/1.0/embed860d.json]
[outsourcing.britenet.eu/wp-json/oembed/1.0/embed47a4]
[secure.intelligentcompanywisdom.com/js/780890.js]
[customer-tracking-node.herokuapp.com/snippet.js]
[outsourcing.britenet.eu/wp-content/uploads/2023/09/LOGO_BRITENET_CLAIM.png.png]
[outsourcing.britenet.eu/wp-content/uploads/2023/04/DanTanda.png]
[outsourcing.britenet.eu/wp-content/uploads/2023/04/17-years-on-the-market-icon-120x120-1.png]
[outsourcing.britenet.eu/wp-content/uploads/2023/04/1000-developers-120x120-1.png]
[outsourcing.britenet.eu/wp-content/uploads/2023/04/100-worldwide-customers-120x120-1.png]
[outsourcing.britenet.eu/wp-content/uploads/2023/04/5-delivery-centers-120x120-1.png]
[outsourcing.britenet.eu/wp-content/uploads/2023/04/50-technologies-120x120-1.png]
[outsourcing.britenet.eu/wp-content/uploads/2023/04/team-leasing-2-scaled.jpg]
[outsourcing.britenet.eu/wp-content/uploads/2023/04/managed_team_2-scaled-e1682507206178.jpg]
[outsourcing.britenet.eu/wp-content/uploads/2023/04/nearshore-offshore-delivery_center-scaled.jpg]
[outsourcing.britenet.eu/wp-content/uploads/2023/04/customer-success-manager-icon-120x120-1.png]
[outsourcing.britenet.eu/wp-content/uploads/2023/04/site-manager-icon-120x120px.png]
[outsourcing.britenet.eu/wp-content/uploads/2023/04/HR-business-manager-icon-120x120-1.png]
[outsourcing.britenet.eu/wp-content/uploads/2023/04/3.jpg]
[outsourcing.britenet.eu/wp-content/uploads/2023/04/1_aercap.png]
[outsourcing.britenet.eu/wp-content/uploads/2023/04/2_Driivz.png]
[outsourcing.britenet.eu/wp-content/uploads/2023/04/3_Education-First.png]
[outsourcing.britenet.eu/wp-content/uploads/2023/04/4_kornit-digital.png]
[outsourcing.britenet.eu/wp-content/uploads/2023/04/5_Scheidt_Bachmann-1.png]
[outsourcing.britenet.eu/wp-content/uploads/2023/04/6_ntt-data.png]
[outsourcing.britenet.eu/wp-content/uploads/2023/04/7_pexlify.png]
[outsourcing.britenet.eu/wp-content/uploads/2023/04/8_harman-international.png]
[outsourcing.britenet.eu/wp-content/uploads/2023/04/9_volkswagen.png]
[outsourcing.britenet.eu/wp-content/uploads/2023/04/10_dxc-technology.png]
[outsourcing.britenet.eu/wp-content/uploads/2023/04/12_beqom.png]
[outsourcing.britenet.eu/wp-content/uploads/2023/04/13_dormakaba.png]
[outsourcing.britenet.eu/wp-content/uploads/2023/04/14_pnb-paribas-bank.png]
[outsourcing.britenet.eu/wp-content/uploads/2023/04/15_bank-pekao.png]
[outsourcing.britenet.eu/wp-content/uploads/2023/04/16_kprm.png]
[outsourcing.britenet.eu/wp-content/uploads/2023/04/17_minister-of-finance-of-poland.png]
[outsourcing.britenet.eu/wp-content/uploads/2023/04/18_ministry-of-deparment-funds-and-regional-policy.png]
[outsourcing.britenet.eu/wp-content/uploads/2023/04/19_bank-gospodarstwa-krajowego-bgk.png]
[outsourcing.britenet.eu/wp-content/uploads/2023/04/poland-96x60-1.png]
[outsourcing.britenet.eu/wp-content/uploads/2023/04/usa-114x60-1.png]
[outsourcing.britenet.eu/wp-content/uploads/2023/04/ireland-120x60-1.png]
[outsourcing.britenet.eu/wp-content/uploads/2023/04/izrael-82x60-1.png]
[outsourcing.britenet.eu/wp-content/uploads/2023/04/UK-great-britain-120x60-1.png]
[outsourcing.britenet.eu/wp-content/uploads/2023/04/france-90x60-1.png]
[outsourcing.britenet.eu/wp-content/uploads/2023/04/germany-100x60-1.png]
[outsourcing.britenet.eu/wp-content/uploads/2023/04/switzerland-60x60-1.png]
[outsourcing.britenet.eu/wp-content/uploads/2023/04/australia-120x60-1.png]
[outsourcing.britenet.eu/wp-content/uploads/2023/05/driivz-liro-shemo-400x300-1.jpg]
[outsourcing.britenet.eu/wp-content/uploads/2023/05/eductaion-first-ef-400x300-anuj.jpg]
[outsourcing.britenet.eu/wp-content/uploads/2023/05/aercap-400x300-koletzki.jpg]
[widget.clutch.co/static/js/widget.js]
[outsourcing.britenet.eu/wp-content/uploads/2023/04/Amazon-Web-Services-300x185.png]
[outsourcing.britenet.eu/wp-content/uploads/2023/04/Azure-300x185.png]
[outsourcing.britenet.eu/wp-content/uploads/2023/04/Java-300x185.png]
[outsourcing.britenet.eu/wp-content/uploads/2023/04/Google-Cloud-Platform-300x185.png]
[outsourcing.britenet.eu/wp-content/uploads/2023/04/Python-300x185.png]
[outsourcing.britenet.eu/wp-content/uploads/2023/05/3_dot-net-300x187.png]
[outsourcing.britenet.eu/wp-content/uploads/2023/04/16_mulesoft-300x186.png]
[outsourcing.britenet.eu/wp-content/uploads/2023/04/17_salesforce-300x185.png]
[outsourcing.britenet.eu/wp-content/uploads/2023/04/18_salesforce-community-cloud-300x185.png]
[outsourcing.britenet.eu/wp-content/uploads/2023/04/20_salesforce-service-cloud-300x185.png]
[outsourcing.britenet.eu/wp-content/uploads/2023/04/9_angular-300x185.png]
[outsourcing.britenet.eu/wp-content/uploads/2023/04/10_node-300x185.png]
[outsourcing.britenet.eu/wp-content/uploads/2023/04/11_react-300x185.png]
[outsourcing.britenet.eu/wp-content/uploads/2023/04/12_type-script-300x185.png]
[outsourcing.britenet.eu/wp-content/uploads/2023/04/13_cypress-300x185.png]
[outsourcing.britenet.eu/wp-content/uploads/2023/04/14_apache_jmeter-300x185.png]
[outsourcing.britenet.eu/wp-content/uploads/2023/04/15_selenium-300x186.png]
[outsourcing.britenet.eu/wp-content/uploads/2023/04/21_adobe-xd-300x186.png]
[outsourcing.britenet.eu/wp-content/uploads/2023/04/22_figma-300x185.png]
[outsourcing.britenet.eu/wp-content/uploads/2023/04/23_framer-300x185.png]
[outsourcing.britenet.eu/wp-content/uploads/2023/04/24_hotjar-300x185.png]
[outsourcing.britenet.eu/wp-content/uploads/2023/04/6_azure-ml-300x185.png]
[outsourcing.britenet.eu/wp-content/uploads/2023/04/7_power-bi-300x185.png]
[outsourcing.britenet.eu/wp-content/uploads/2023/04/8_tableau-300x185.png]
[outsourcing.britenet.eu/wp-content/uploads/2023/04/7_50-technologies-1024x146.png]
[outsourcing.britenet.eu/wp-content/uploads/2023/04/Robert-Kwapiszewski.png]
[outsourcing.britenet.eu/wp-content/uploads/2023/04/Karol-Chomik.png]
[outsourcing.britenet.eu/wp-content/uploads/2023/04/Jakub-Katny.png]
[outsourcing.britenet.eu/wp-content/uploads/2023/04/Piotr-Wegner.png]
[outsourcing.britenet.eu/wp-content/uploads/2023/04/Daniel-Wojcikowski.png]
[outsourcing.britenet.eu/wp-content/uploads/2023/04/Beata-Bednarek.png]
[outsourcing.britenet.eu/wp-content/uploads/2023/04/Adam-Siwek.png]
[outsourcing.britenet.eu/wp-content/uploads/2023/05/Michal-Tomasik-500x500-2-300x300.jpg]
[outsourcing.britenet.eu/cdn-cgi/l/email-protection.html]
[outsourcing.britenet.eu/wp-content/uploads/2023/04/btn_nav_white.svg]
[outsourcing.britenet.eu/cdn-cgi/scripts/5c5dd728/cloudflare-static/email-decode.min.js]
[outsourcing.britenet.eu/wp-content/plugins/contact-form-7/includes/swv/js/index080f.js]
[outsourcing.britenet.eu/wp-content/plugins/contact-form-7/includes/js/index080f.js]
[outsourcing.britenet.eu/wp-content/themes/tanda/tanda/js/popper.minaec2.js]
[outsourcing.britenet.eu/wp-content/themes/tanda/tanda/js/bootstrap.minaec2.js]
[outsourcing.britenet.eu/wp-content/themes/tanda/tanda/js/equal-height.minaec2.js]
[outsourcing.britenet.eu/wp-content/themes/tanda/tanda/js/jquery.appearaec2.js]
[outsourcing.britenet.eu/wp-content/themes/tanda/tanda/js/jquery.easing.minaec2.js]
[outsourcing.britenet.eu/wp-content/themes/tanda/tanda/js/jquery.magnific-popup.minaec2.js]
[outsourcing.britenet.eu/wp-content/themes/tanda/tanda/js/modernizr.custom.13711aec2.js]
[outsourcing.britenet.eu/wp-content/themes/tanda/tanda/js/owl.carousel.minaec2.js]
[outsourcing.britenet.eu/wp-content/themes/tanda/tanda/js/wow.minaec2.js]
[outsourcing.britenet.eu/wp-content/themes/tanda/tanda/js/progress-bar.minaec2.js]
[outsourcing.britenet.eu/wp-content/plugins/js_composer/assets/lib/bower/isotope/dist/isotope.pkgd.mine1b2.js]
[outsourcing.britenet.eu/wp-includes/js/imagesloaded.minbb93.js]
[outsourcing.britenet.eu/wp-content/themes/tanda/tanda/js/count-toaec2.js]
[outsourcing.britenet.eu/wp-content/themes/tanda/tanda/js/YTPlayer.minaec2.js]
[outsourcing.britenet.eu/wp-content/themes/tanda/tanda/js/jquery.nice-select.minaec2.js]
[outsourcing.britenet.eu/wp-content/themes/tanda/tanda/js/bootsnavaec2.js]
[outsourcing.britenet.eu/wp-content/themes/tanda/tanda/js/mainaec2.js]
[outsourcing.britenet.eu/wp-content/themes/tanda/tanda/js/webfontaec2.js]
[outsourcing.britenet.eu/wp-content/plugins/js_composer/assets/js/dist/js_composer_front.mine1b2.js]
[outsourcing.britenet.eu/index.html]
[www.googletagmanager.com/gtm5445.html]
[outsourcing.britenet.eu/wp-content/uploads/2023/09/LOGO_BRITENET_CLAIM_WHITE.svg]
[outsourcing.britenet.eu/wp-includes/css/dist/block-library/style.minaec2.css]
[outsourcing.britenet.eu/wp-content/plugins/redux-framework/redux-core/assets/css/extendify-utilitiescb95.css]
[outsourcing.britenet.eu/wp-content/plugins/contact-form-7/includes/css/styles080f.css]
[outsourcing.britenet.eu/wp-content/themes/tanda/tanda/css/bootstrap.minaec2.css]
[outsourcing.britenet.eu/wp-content/themes/tanda/tanda/fonts/fa-brands-400.eot]
[outsourcing.britenet.eu/wp-content/themes/tanda/tanda/fonts/fa-brands-400d41d.eot]
[outsourcing.britenet.eu/wp-content/themes/tanda/tanda/fonts/fa-brands-400.woff2]
[outsourcing.britenet.eu/wp-content/themes/tanda/tanda/fonts/fa-brands-400.woff]
[outsourcing.britenet.eu/wp-content/themes/tanda/tanda/fonts/fa-brands-400.ttf]
[outsourcing.britenet.eu/wp-content/themes/tanda/tanda/fonts/fa-brands-400.svg]
[outsourcing.britenet.eu/wp-content/themes/tanda/tanda/fonts/fa-duotone-900.eot]
[outsourcing.britenet.eu/wp-content/themes/tanda/tanda/fonts/fa-duotone-900d41d.eot]
[outsourcing.britenet.eu/wp-content/themes/tanda/tanda/fonts/fa-duotone-900.woff2]
[outsourcing.britenet.eu/wp-content/themes/tanda/tanda/fonts/fa-duotone-900.woff]
[outsourcing.britenet.eu/wp-content/themes/tanda/tanda/fonts/fa-duotone-900.ttf]
[outsourcing.britenet.eu/wp-content/themes/tanda/tanda/fonts/fa-duotone-900.svg]
[outsourcing.britenet.eu/wp-content/themes/tanda/tanda/fonts/fa-light-300.eot]
[outsourcing.britenet.eu/wp-content/themes/tanda/tanda/fonts/fa-light-300d41d.eot]
[outsourcing.britenet.eu/wp-content/themes/tanda/tanda/fonts/fa-light-300.woff2]
[outsourcing.britenet.eu/wp-content/themes/tanda/tanda/fonts/fa-light-300.woff]
[outsourcing.britenet.eu/wp-content/themes/tanda/tanda/fonts/fa-light-300.ttf]
[outsourcing.britenet.eu/wp-content/themes/tanda/tanda/fonts/fa-light-300.svg]
[outsourcing.britenet.eu/wp-content/themes/tanda/tanda/fonts/fa-regular-400.eot]
[outsourcing.britenet.eu/wp-content/themes/tanda/tanda/fonts/fa-regular-400d41d.eot]
[outsourcing.britenet.eu/wp-content/themes/tanda/tanda/fonts/fa-regular-400.woff2]
[outsourcing.britenet.eu/wp-content/themes/tanda/tanda/fonts/fa-regular-400.woff]
[outsourcing.britenet.eu/wp-content/themes/tanda/tanda/fonts/fa-regular-400.ttf]
[outsourcing.britenet.eu/wp-content/themes/tanda/tanda/fonts/fa-regular-400.svg]
[outsourcing.britenet.eu/wp-content/themes/tanda/tanda/fonts/fa-solid-900.eot]
[outsourcing.britenet.eu/wp-content/themes/tanda/tanda/fonts/fa-solid-900d41d.eot]
[outsourcing.britenet.eu/wp-content/themes/tanda/tanda/fonts/fa-solid-900.woff2]
[outsourcing.britenet.eu/wp-content/themes/tanda/tanda/fonts/fa-solid-900.woff]
[outsourcing.britenet.eu/wp-content/themes/tanda/tanda/fonts/fa-solid-900.ttf]
[outsourcing.britenet.eu/wp-content/themes/tanda/tanda/fonts/fa-solid-900.svg]
[outsourcing.britenet.eu/wp-content/themes/tanda/tanda/css/font-awesome.minaec2.css]
[outsourcing.britenet.eu/wp-content/themes/tanda/tanda/fonts/themify9f24.eot]
[outsourcing.britenet.eu/wp-content/themes/tanda/tanda/fonts/themifyd41d.eot]
[outsourcing.britenet.eu/wp-content/themes/tanda/tanda/fonts/themify9f24.woff]
[outsourcing.britenet.eu/wp-content/themes/tanda/tanda/fonts/themify9f24.ttf]
[outsourcing.britenet.eu/wp-content/themes/tanda/tanda/css/themify-iconsaec2.css]
[outsourcing.britenet.eu/wp-content/themes/tanda/tanda/fonts/themify9f24.svg]
[outsourcing.britenet.eu/wp-content/themes/tanda/tanda/fonts/Flaticon.eot]
[outsourcing.britenet.eu/wp-content/themes/tanda/tanda/fonts/Flaticond41d.eot]
[outsourcing.britenet.eu/wp-content/themes/tanda/tanda/fonts/Flaticon.woff]
[outsourcing.britenet.eu/wp-content/themes/tanda/tanda/fonts/Flaticon.ttf]
[outsourcing.britenet.eu/wp-content/themes/tanda/tanda/fonts/Flaticon.svg]
[outsourcing.britenet.eu/wp-content/themes/tanda/tanda/css/Flaticon.svg]
[outsourcing.britenet.eu/wp-content/themes/tanda/tanda/css/flaticon-setaec2.css]
[outsourcing.britenet.eu/wp-content/themes/tanda/tanda/css/magnific-popupaec2.css]
[outsourcing.britenet.eu/wp-content/themes/tanda/tanda/css/owl.video.play.png]
[outsourcing.britenet.eu/wp-content/themes/tanda/tanda/css/owl.carousel.minaec2.css]
[outsourcing.britenet.eu/wp-content/themes/tanda/tanda/css/owl.theme.default.minaec2.css]
[outsourcing.britenet.eu/wp-content/themes/tanda/tanda/css/animateaec2.css]
[outsourcing.britenet.eu/wp-content/themes/tanda/tanda/css/bootsnavaec2.css]
[outsourcing.britenet.eu/wp-content/themes/tanda/tanda/img/shape/2.png]
[outsourcing.britenet.eu/wp-content/themes/tanda/tanda/img/shape/9.png]
[outsourcing.britenet.eu/wp-content/themes/tanda/tanda/img/shape/15.png]
[outsourcing.britenet.eu/wp-content/themes/tanda/tanda/img/shape/18.png]
[outsourcing.britenet.eu/wp-content/themes/tanda/tanda/img/shape/1.png]
[outsourcing.britenet.eu/wp-content/themes/tanda/tanda/img/shape/5.png]
[outsourcing.britenet.eu/wp-content/themes/tanda/tanda/img/shape/8.png]
[outsourcing.britenet.eu/wp-content/themes/tanda/tanda/img/shape/19.png]
[outsourcing.britenet.eu/wp-content/themes/tanda/tanda/img/shape/23.png]
[outsourcing.britenet.eu/wp-content/themes/tanda/tanda/img/shape/17.png]
[outsourcing.britenet.eu/wp-content/themes/tanda/tanda/img/icon-shape003.png]
[outsourcing.britenet.eu/wp-content/themes/tanda/tanda/css/style18cf.css]
[outsourcing.britenet.eu/wp-content/themes/tanda/tanda/css/responsive18cf.css]
[outsourcing.britenet.eu/wp-content/themes/tanda/tanda/css/woo-commerceaec2.css]
[outsourcing.britenet.eu/wp-content/themes/tanda/tanda/css/theme-color/color-britenetaec2.css]
[outsourcing.britenet.eu/wp-content/plugins/js_composer/assets/vc/alert.png]
[outsourcing.britenet.eu/wp-content/plugins/js_composer/assets/vc/info.png]
[outsourcing.britenet.eu/wp-content/plugins/js_composer/assets/vc/tick.png]
[outsourcing.britenet.eu/wp-content/plugins/js_composer/assets/vc/exclamation.png]
[outsourcing.britenet.eu/wp-content/plugins/js_composer/assets/images/icons/address-book.png]
[outsourcing.britenet.eu/wp-content/plugins/js_composer/assets/images/icons/alarm-clock.png]
[outsourcing.britenet.eu/wp-content/plugins/js_composer/assets/images/icons/anchor.png]
[outsourcing.britenet.eu/wp-content/plugins/js_composer/assets/images/icons/application-image.png]
[outsourcing.britenet.eu/wp-content/plugins/js_composer/assets/images/icons/arrow.png]
[outsourcing.britenet.eu/wp-content/plugins/js_composer/assets/images/icons/asterisk.png]
[outsourcing.britenet.eu/wp-content/plugins/js_composer/assets/images/icons/auction-hammer.png]
[outsourcing.britenet.eu/wp-content/plugins/js_composer/assets/images/icons/balloon.png]
[outsourcing.britenet.eu/wp-content/plugins/js_composer/assets/images/icons/balloon-buzz.png]
[outsourcing.britenet.eu/wp-content/plugins/js_composer/assets/images/icons/balloon-facebook.png]
[outsourcing.britenet.eu/wp-content/plugins/js_composer/assets/images/icons/balloon-twitter.png]
[outsourcing.britenet.eu/wp-content/plugins/js_composer/assets/images/icons/battery-full.png]
[outsourcing.britenet.eu/wp-content/plugins/js_composer/assets/images/icons/binocular.png]
[outsourcing.britenet.eu/wp-content/plugins/js_composer/assets/images/icons/blue-document-excel.png]
[outsourcing.britenet.eu/wp-content/plugins/js_composer/assets/images/icons/blue-document-image.png]
[outsourcing.britenet.eu/wp-content/plugins/js_composer/assets/images/icons/blue-document-music.png]
[outsourcing.britenet.eu/wp-content/plugins/js_composer/assets/images/icons/blue-document-office.png]
[outsourcing.britenet.eu/wp-content/plugins/js_composer/assets/images/icons/blue-document-pdf.png]
[outsourcing.britenet.eu/wp-content/plugins/js_composer/assets/images/icons/blue-document-powerpoint.png]
[outsourcing.britenet.eu/wp-content/plugins/js_composer/assets/images/icons/blue-document-word.png]
[outsourcing.britenet.eu/wp-content/plugins/js_composer/assets/images/icons/bookmark.png]
[outsourcing.britenet.eu/wp-content/plugins/js_composer/assets/images/icons/camcorder.png]
[outsourcing.britenet.eu/wp-content/plugins/js_composer/assets/images/icons/camera.png]
[outsourcing.britenet.eu/wp-content/plugins/js_composer/assets/images/icons/chart.png]
[outsourcing.britenet.eu/wp-content/plugins/js_composer/assets/images/icons/chart-pie.png]
[outsourcing.britenet.eu/wp-content/plugins/js_composer/assets/images/icons/clock.png]
[outsourcing.britenet.eu/wp-content/plugins/js_composer/assets/images/icons/control.png]
[outsourcing.britenet.eu/wp-content/plugins/js_composer/assets/images/icons/fire.png]
[outsourcing.britenet.eu/wp-content/plugins/js_composer/assets/images/icons/heart.png]
[outsourcing.britenet.eu/wp-content/plugins/js_composer/assets/images/icons/mail.png]
[outsourcing.britenet.eu/wp-content/plugins/js_composer/assets/images/icons/plus-shield.png]
[outsourcing.britenet.eu/wp-content/plugins/js_composer/assets/images/icons/video.png]
[outsourcing.britenet.eu/wp-content/plugins/js_composer/assets/fonts/vc_icons_v2/fonts/vcpb-plugin-iconsb82a.eot]
[outsourcing.britenet.eu/wp-content/plugins/js_composer/assets/fonts/vc_icons_v2/fonts/vcpb-plugin-iconsb82a.ttf]
[outsourcing.britenet.eu/wp-content/plugins/js_composer/assets/fonts/vc_icons_v2/fonts/vcpb-plugin-iconsb82a.woff]
[outsourcing.britenet.eu/wp-content/plugins/js_composer/assets/fonts/vc_icons_v2/fonts/vcpb-plugin-iconsb82a.svg]
[outsourcing.britenet.eu/wp-content/plugins/js_composer/assets/images/toggle_open.png]
[outsourcing.britenet.eu/wp-content/plugins/js_composer/assets/images/toggle_close.png]
[outsourcing.britenet.eu/wp-content/plugins/js_composer/assets/images/flickr.png]
[outsourcing.britenet.eu/wp-content/plugins/js_composer/assets/vc/blur.svg]
[outsourcing.britenet.eu/wp-content/plugins/js_composer/assets/fonts/vc_grid/vc_grid_v157a1.eot]
[outsourcing.britenet.eu/wp-content/plugins/js_composer/assets/fonts/vc_grid/vc_grid_v1d41d.eot]
[outsourcing.britenet.eu/wp-content/plugins/js_composer/assets/fonts/vc_grid/vc_grid_v157a1.woff]
[outsourcing.britenet.eu/wp-content/plugins/js_composer/assets/fonts/vc_grid/vc_grid_v157a1.ttf]
[outsourcing.britenet.eu/wp-content/plugins/js_composer/assets/fonts/vc_grid/vc_grid_v157a1.svg]
[outsourcing.britenet.eu/wp-content/plugins/js_composer/assets/images/spinner.gif]
[outsourcing.britenet.eu/wp-content/plugins/js_composer/assets/vc/remove.png]
[outsourcing.britenet.eu/wp-content/plugins/js_composer/assets/css/js_composer.mine1b2.css]
[secure.intelligentcompanywisdom.com/780890.html]
[outsourcing.britenet.eu/cdn-cgi/l/email-protection.html]
[outsourcing.britenet.eu/wp-content/uploads/2023/04/btn_nav_white.svg]
[outsourcing.britenet.eu/wp-content/themes/tanda/tanda/fonts/fa-brands-400.html]
[outsourcing.britenet.eu/wp-content/themes/tanda/tanda/fonts/fa-duotone-900.html]
[outsourcing.britenet.eu/wp-content/themes/tanda/tanda/fonts/fa-duotone-900d41d.html]
[outsourcing.britenet.eu/wp-content/themes/tanda/tanda/fonts/fa-duotone-901.html]
[outsourcing.britenet.eu/wp-content/themes/tanda/tanda/fonts/fa-duotone-902.html]
[outsourcing.britenet.eu/wp-content/themes/tanda/tanda/fonts/fa-light-300.html]
[outsourcing.britenet.eu/wp-content/themes/tanda/tanda/fonts/fa-light-300d41d.html]
[outsourcing.britenet.eu/wp-content/themes/tanda/tanda/fonts/fa-light-301.html]
[outsourcing.britenet.eu/wp-content/themes/tanda/tanda/fonts/fa-light-302.html]
[outsourcing.britenet.eu/wp-content/themes/tanda/tanda/fonts/fa-regular-400.html]
[outsourcing.britenet.eu/wp-content/themes/tanda/tanda/fonts/fa-solid-900.html]
[outsourcing.britenet.eu/wp-content/themes/tanda/tanda/fonts/themify9f24.svg]
[outsourcing.britenet.eu/wp-content/themes/tanda/tanda/fonts/Flaticon.svg]
[outsourcing.britenet.eu/wp-content/themes/tanda/tanda/css/Flaticon.html]
[outsourcing.britenet.eu/wp-content/themes/tanda/tanda/css/owl.video.play.html]
[outsourcing.britenet.eu/wp-content/themes/tanda/tanda/img/icon-shape003.html]
[outsourcing.britenet.eu/wp-content/plugins/js_composer/assets/fonts/vc_icons_v2/fonts/vcpb-plugin-iconsb82a.svg]
[outsourcing.britenet.eu/wp-content/plugins/js_composer/assets/vc/blur.svg]
[outsourcing.britenet.eu/wp-content/plugins/js_composer/assets/fonts/vc_grid/vc_grid_v157a1.svg]
